⚠ [8655/8667] Built ComparatorChallenges.J_TwoDegenerateGraphs (15s)
warning: ComparatorChallenges/J_TwoDegenerateGraphs.lean:28:8: declaration uses `sorry`
warning: ComparatorChallenges/J_TwoDegenerateGraphs.lean:43:8: declaration uses `sorry`
⚠ [8656/8667] Built ComparatorChallenges.A_SpherePacking (15s)
warning: ComparatorChallenges/A_SpherePacking.lean:145:8: declaration uses `sorry`
warning: ComparatorChallenges/A_SpherePacking.lean:153:8: declaration uses `sorry`
warning: ComparatorChallenges/A_SpherePacking.lean:166:8: declaration uses `sorry`
warning: ComparatorChallenges/A_SpherePacking.lean:179:8: declaration uses `sorry`
⚠ [8657/8667] Built ComparatorChallenges.B_BinaryCodes (15s)
warning: ComparatorChallenges/B_BinaryCodes.lean:65:8: declaration uses `sorry`
warning: ComparatorChallenges/B_BinaryCodes.lean:70:8: declaration uses `sorry`
warning: ComparatorChallenges/B_BinaryCodes.lean:168:8: declaration uses `sorry`
warning: ComparatorChallenges/B_BinaryCodes.lean:173:8: declaration uses `sorry`
warning: ComparatorChallenges/B_BinaryCodes.lean:178:8: declaration uses `sorry`
warning: ComparatorChallenges/B_BinaryCodes.lean:187:8: declaration uses `sorry`
⚠ [8658/8667] Built ComparatorChallenges.C_PermanentFormulaLowerBound (15s)
warning: ComparatorChallenges/C_PermanentFormulaLowerBound.lean:82:8: declaration uses `sorry`
warning: ComparatorChallenges/C_PermanentFormulaLowerBound.lean:90:8: declaration uses `sorry`
⚠ [8659/8667] Built ComparatorChallenges.D_NonSoficGroup (15s)
warning: ComparatorChallenges/D_NonSoficGroup.lean:30:8: declaration uses `sorry`
⚠ [8660/8667] Built ComparatorChallenges.F_EhrhartVolumeInequality (15s)
warning: ComparatorChallenges/F_EhrhartVolumeInequality.lean:48:8: declaration uses `sorry`
warning: ComparatorChallenges/F_EhrhartVolumeInequality.lean:52:8: declaration uses `sorry`
warning: ComparatorChallenges/F_EhrhartVolumeInequality.lean:56:8: declaration uses `sorry`
warning: ComparatorChallenges/F_EhrhartVolumeInequality.lean:65:8: declaration uses `sorry`
⚠ [8661/8667] Built ComparatorChallenges.G_QuantumParallelRepetition (15s)
warning: ComparatorChallenges/G_QuantumParallelRepetition.lean:112:8: declaration uses `sorry`
warning: ComparatorChallenges/G_QuantumParallelRepetition.lean:130:8: declaration uses `sorry`
⚠ [8662/8667] Built ComparatorChallenges.H_GapCVP (15s)
warning: ComparatorChallenges/H_GapCVP.lean:135:4: declaration uses `sorry`
warning: ComparatorChallenges/H_GapCVP.lean:153:8: declaration uses `sorry`
warning: ComparatorChallenges/H_GapCVP.lean:187:18: declaration uses `sorry`
warning: ComparatorChallenges/H_GapCVP.lean:212:8: declaration uses `sorry`
warning: ComparatorChallenges/H_GapCVP.lean:244:18: declaration uses `sorry`
warning: ComparatorChallenges/H_GapCVP.lean:268:8: declaration uses `sorry`
warning: ComparatorChallenges/H_GapCVP.lean:287:18: declaration uses `sorry`
warning: ComparatorChallenges/H_GapCVP.lean:307:8: declaration uses `sorry`
⚠ [8663/8667] Built ComparatorChallenges.I_MulticolorTriangleRamsey (15s)
warning: ComparatorChallenges/I_MulticolorTriangleRamsey.lean:18:8: declaration uses `sorry`
warning: ComparatorChallenges/I_MulticolorTriangleRamsey.lean:25:8: declaration uses `sorry`
warning: ComparatorChallenges/I_MulticolorTriangleRamsey.lean:36:8: declaration uses `sorry`
warning: ComparatorChallenges/I_MulticolorTriangleRamsey.lean:45:8: declaration uses `sorry`
⚠ [8664/8667] Built ComparatorChallenges.J_CompactnessConjecture (15s)
warning: ComparatorChallenges/J_CompactnessConjecture.lean:46:8: declaration uses `sorry`
warning: ComparatorChallenges/J_CompactnessConjecture.lean:52:8: declaration uses `sorry`
warning: ComparatorChallenges/J_CompactnessConjecture.lean:72:8: declaration uses `sorry`
⚠ [8665/8667] Built ComparatorChallenges.B_SphericalCodes (15s)
warning: ComparatorChallenges/B_SphericalCodes.lean:139:8: declaration uses `sorry`
warning: ComparatorChallenges/B_SphericalCodes.lean:266:8: declaration uses `sorry`
warning: ComparatorChallenges/B_SphericalCodes.lean:275:8: declaration uses `sorry`
warning: ComparatorChallenges/B_SphericalCodes.lean:288:8: declaration uses `sorry`
⚠ [8666/8667] Built ComparatorChallenges.E_ConnesRigidity (25s)
warning: ComparatorChallenges/E_ConnesRigidity.lean:199:8: declaration uses `sorry`
warning: ComparatorChallenges/E_ConnesRigidity.lean:209:4: declaration uses `sorry`
Build completed successfully (8667 jobs).
