✔ [6/26] Built Cache.Cli (364ms)
✔ [7/26] Built Cache.Lean (392ms)
✔ [8/26] Built Cache.Infra (563ms)
✔ [9/26] Built Cache.Cli:c.o (472ms)
✔ [10/26] Built Cache.Lean:c.o (435ms)
✔ [11/26] Built Cache.Infra:c.o (272ms)
✔ [12/26] Built Cache.IO (1.0s)
✔ [13/26] Built Cache.Hashing (663ms)
✔ [14/26] Built Cache.IO:c.o (831ms)
✔ [15/26] Built Cache.Hashing:c.o (232ms)
✔ [16/26] Built Cache.Requests (1.3s)
✔ [17/26] Built Cache.Marker (470ms)
✔ [18/26] Built Cache.Marker:c.o (63ms)
✔ [19/26] Built Cache.Query (500ms)
✔ [20/26] Built Cache.Query:c.o (148ms)
✔ [21/26] Built Cache.Requests:c.o (1.4s)
✔ [22/26] Built Cache.Warning (525ms)
✔ [23/26] Built Cache.Warning:c.o (134ms)
✔ [24/26] Built Cache.Main (1.0s)
✔ [25/26] Built Cache.Main:c.o (486ms)
✔ [26/26] Built cache:exe (2.5s)
Current branch: HEAD
Using cache from origin: (some leanprover-community/mathlib4)
Decompressing 8265 already-cached file(s) (374 already decompressed)
No files to download
Decompressed 8265 already-cached file(s)
Completed successfully in 12585 ms!
