✔ [5/25] Built Cache.Cli (926ms)
✔ [6/25] Built Cache.Lean (1.3s)
✔ [7/25] Built Cache.Infra (1.2s)
✔ [8/25] Built Cache.Cli:c.o (1.6s)
✔ [9/25] Built Cache.Lean:c.o (1.2s)
✔ [10/25] Built Cache.Infra:c.o (1.5s)
✔ [11/25] Built Cache.IO (4.0s)
✔ [12/25] Built Cache.Hashing (1.7s)
✔ [13/25] Built Cache.IO:c.o (1.8s)
✔ [14/25] Built Cache.Hashing:c.o (501ms)
✔ [15/25] Built Cache.Requests (5.6s)
✔ [16/25] Built Cache.Marker (1.7s)
✔ [17/25] Built Cache.Marker:c.o (149ms)
✔ [18/25] Built Cache.Query (2.1s)
✔ [19/25] Built Cache.Query:c.o (675ms)
✔ [20/25] Built Cache.Requests:c.o (5.2s)
✔ [21/25] Built Cache.Warning (1.9s)
✔ [22/25] Built Cache.Warning:c.o (335ms)
✔ [23/25] Built Cache.Main (3.8s)
✔ [24/25] Built Cache.Main:c.o (1.6s)
✔ [25/25] Built cache:exe (7.6s)
Current branch: HEAD
Using cache from origin: (some leanprover-community/mathlib4)
Decompressing 2864 already-cached file(s) (5775 already decompressed)
No files to download
Decompressed 2864 already-cached file(s)
Completed successfully in 31440 ms!
