Building ComparatorChallenges.B_BinaryCodes
⚠ [8655/8655] Replayed ComparatorChallenges.B_BinaryCodes
warning: ComparatorChallenges/B_BinaryCodes.lean:65:8: declaration uses `sorry`
warning: ComparatorChallenges/B_BinaryCodes.lean:70:8: declaration uses `sorry`
warning: ComparatorChallenges/B_BinaryCodes.lean:168:8: declaration uses `sorry`
warning: ComparatorChallenges/B_BinaryCodes.lean:173:8: declaration uses `sorry`
warning: ComparatorChallenges/B_BinaryCodes.lean:178:8: declaration uses `sorry`
warning: ComparatorChallenges/B_BinaryCodes.lean:187:8: declaration uses `sorry`
Build completed successfully (8655 jobs).
Exporting #[Nat, String, String.mk, Char, Char.ofNat, List, Quot, Quot.mk, Quot.lift, Quot.ind, MetricCodes.Hamming.binaryRate_lt_classicalRate, MetricCodes.Hamming.exists_binaryRate_improvement, MetricCodes.Johnson.binaryRate_le_combinedVariationalRate, MetricCodes.MRRW.strict_mrrw2, MetricCodes.Johnson.binaryRate_lt_mrrw, MetricCodes.Johnson.exists_binaryRate_mrrw_improvement, propext, Quot.sound, Classical.choice, Nat.add, Nat.sub, Nat.mul, Nat.pow, Nat.gcd, Nat.div, Nat.mod, Nat.beq, Nat.ble, Nat.land, Nat.lor, Nat.xor, Nat.shiftLeft, Nat.shiftRight, String.ofList] from ComparatorChallenges.B_BinaryCodes
Building MetricCodes
ℹ [8656/8657] Replayed MetricCodes
info: MetricCodes.lean:91886:50: Try this:
  [apply] abel_nf
Build completed successfully (8657 jobs).
Exporting #[Nat, String, String.mk, Char, Char.ofNat, List, Quot, Quot.mk, Quot.lift, Quot.ind, MetricCodes.Hamming.binaryRate_lt_classicalRate, MetricCodes.Hamming.exists_binaryRate_improvement, MetricCodes.Johnson.binaryRate_le_combinedVariationalRate, MetricCodes.MRRW.strict_mrrw2, MetricCodes.Johnson.binaryRate_lt_mrrw, MetricCodes.Johnson.exists_binaryRate_mrrw_improvement, propext, Quot.sound, Classical.choice, Nat.add, Nat.sub, Nat.mul, Nat.pow, Nat.gcd, Nat.div, Nat.mod, Nat.beq, Nat.ble, Nat.land, Nat.lor, Nat.xor, Nat.shiftLeft, Nat.shiftRight, String.ofList] from MetricCodes
Running nanoda kernel on solution
Nanoda kernel accepts the solution
Running Lean default kernel on solution.
Lean default kernel accepts the solution
Your solution is okay!
